020 live 7 {'pid_0.5_d2': ['FAIL', 'FAIL', 'FAIL', 'FAIL', np.float64(1.0191), np.float64(1.0), np.float64(1.0028)], 'pid_0.5_d5': ['FAIL', 'FAIL', 'FAIL', 'FAIL', np.float64(0.9978), np.float64(1.001), np.float64(1.0069)], 'pid_0.5_d10': ['FAIL', 'FAIL', 'FAIL', 'FAIL', np.float64(1.0011), np.float64(1.0075), np.float64(0.9909)]}
036 live 5 {'pid_0.5_d2': ['FAIL', 'FAIL', 'FAIL', 'FAIL', np.float64(0.9999)], 'pid_0.5_d5': ['FAIL', 'FAIL', 'FAIL', 'FAIL', np.float64(1.0005)], 'pid_0.5_d10': ['FAIL', 'FAIL', 'FAIL', 'FAIL', np.float64(1.0039)]}
042 live 3 {'pid_0.5_d2': [np.float64(1.0017), np.float64(1.0025), np.float64(1.0005)], 'pid_0.5_d5': [np.float64(1.0082), np.float64(1.0121), np.float64(1.0017)], 'pid_0.5_d10': [np.float64(1.0052), np.float64(1.0117), np.float64(1.0002)]}
051 live 5 {'pid_0.5_d2': [np.float64(0.9726), np.float64(0.9734), np.float64(0.9789), np.float64(0.9893), np.float64(1.0007)], 'pid_0.5_d5': [np.float64(0.9999), np.float64(1.0002), np.float64(1.0074), np.float64(1.0001), np.float64(0.9993)], 'pid_0.5_d10': ['FAIL', 'FAIL', 'FAIL', 'FAIL', 'FAIL']}
055 live 3 {'pid_0.5_d2': [np.float64(1.0003), np.float64(1.001), np.float64(1.0002)], 'pid_0.5_d5': [np.float64(1.0056), np.float64(1.0059), np.float64(0.9934)], 'pid_0.5_d10': [np.float64(1.0012), np.float64(1.0064), 'FAIL']}
056 live 4 {'pid_0.5_d2': [np.float64(0.9589), np.float64(1.0096), np.float64(1.0112), np.float64(1.0139)], 'pid_0.5_d5': [np.float64(0.9574), np.float64(1.0133), np.float64(1.0168), np.float64(1.0224)], 'pid_0.5_d10': [np.float64(0.8582), np.float64(0.9504), np.float64(1.0089), np.float64(1.0438)]}
063 live 8 {'pid_0.5_d2': ['FAIL', 'FAIL', 'FAIL', 'FAIL', 'FAIL', np.float64(1.0067), np.float64(1.0004), np.float64(0.9946)], 'pid_0.5_d5': ['FAIL', 'FAIL', 'FAIL', 'FAIL', 'FAIL', np.float64(0.9992), np.float64(1.0004), np.float64(0.9947)], 'pid_0.5_d10': ['FAIL', 'FAIL', 'FAIL', 'FAIL', 'FAIL', np.float64(0.992), np.float64(1.0006), np.float64(0.995)]}
064 live 3 {'pid_0.5_d2': [np.float64(1.0015), np.float64(0.9999), np.float64(1.0015)], 'pid_0.5_d5': [np.float64(1.0022), np.float64(1.0009), np.float64(1.003)], 'pid_0.5_d10': [np.float64(1.0074), np.float64(1.0071), np.float64(1.0119)]}
077 live 6 {'pid_0.5_d2': [np.float64(1.0003), np.float64(1.0005), np.float64(1.0003), np.float64(0.9931), np.float64(1.0001), np.float64(1.0001)], 'pid_0.5_d5': [np.float64(1.0146), np.float64(0.999), np.float64(1.0021), np.float64(1.0021), np.float64(1.0021), np.float64(1.0003)], 'pid_0.5_d10': ['FAIL', 'FAIL', 'FAIL', 'FAIL', 'FAIL', 'FAIL']}
088 live 2 {'pid_0.5_d2': [np.float64(1.0005), np.float64(1.0026)], 'pid_0.5_d5': [np.float64(1.0048), np.float64(1.0125)], 'pid_0.5_d10': [np.float64(1.0178), np.float64(1.0482)]}
091 live 4 {'pid_0.5_d2': [np.float64(1.0001), np.float64(1.0002), np.float64(1.0004), np.float64(1.0006)], 'pid_0.5_d5': [np.float64(1.0017), np.float64(1.0021), np.float64(1.003), np.float64(1.0046)], 'pid_0.5_d10': [np.float64(1.0034), np.float64(1.0002), np.float64(0.9964), np.float64(0.9919)]}
093 live 3 {'pid_0.5_d2': [np.float64(1.0004), np.float64(1.0006), np.float64(0.997)], 'pid_0.5_d5': [np.float64(1.0028), np.float64(1.0045), np.float64(0.9987)], 'pid_0.5_d10': [np.float64(0.9541), np.float64(1.004), np.float64(0.9662)]}
102 live 3 {'pid_0.5_d2': [np.float64(0.998), np.float64(1.0003), np.float64(1.0005)], 'pid_0.5_d5': [np.float64(1.0034), np.float64(0.9949), np.float64(1.0022)], 'pid_0.5_d10': [np.float64(0.9954), np.float64(0.9941), np.float64(0.9946)]}
109 live 4 {'pid_0.5_d2': ['FAIL', np.float64(1.0026), np.float64(1.0041), np.float64(1.0002)], 'pid_0.5_d5': ['FAIL', np.float64(0.9997), np.float64(1.0007), np.float64(1.0028)], 'pid_0.5_d10': ['FAIL', np.float64(1.0041), np.float64(1.0069), np.float64(1.0133)]}
pid_0.5_d2             win 0 | fail on some fit  4 | below range  0 | best min-score (np.float64(1.0005), '042')
pid_0.5_d5             win 0 | fail on some fit  4 | below range  0 | best min-score (np.float64(1.0048), '088')
pid_0.5_d10            win 1 | fail on some fit  7 | below range  0 | best min-score (np.float64(1.0178), '088')
pid_0.8_d2             win 0 | fail on some fit  5 | below range  0 | best min-score (np.float64(1.0002), '091')
pid_0.8_d5             win 0 | fail on some fit  5 | below range  0 | best min-score (np.float64(1.0004), '042')
pid_0.8_d10            win 0 | fail on some fit  8 | below range  0 | best min-score (np.float64(1.0003), '056')
pid_1.0_d2             win 0 | fail on some fit  3 | below range  0 | best min-score (np.float64(1.003), '064')
pid_1.0_d5             win 0 | fail on some fit  6 | below range  0 | best min-score (np.float64(1.0011), '088')
pid_1.0_d10            win 0 | fail on some fit  6 | below range  0 | best min-score (np.float64(1.0036), '064')
pid_1.1_d2             win 0 | fail on some fit  3 | below range  0 | best min-score (np.float64(1.0023), '064')
pid_1.1_d5             win 0 | fail on some fit  6 | below range  0 | best min-score (np.float64(1.0032), '064')
pid_1.1_d10            win 0 | fail on some fit  6 | below range  0 | best min-score (np.float64(0.9997), '064')
trend_onoff_0.5_1.00   win 0 | fail on some fit  5 | below range  0 | best min-score (np.float64(1.0081), '088')
trend_onoff_0.7_1.10   win 1 | fail on some fit  5 | below range  0 | best min-score (np.float64(1.0294), '064')
trend_onoff_0.9_1.15   win 1 | fail on some fit  7 | below range  0 | best min-score (np.float64(1.0106), '064')
