020 fit 0 q25 B 1.0170 frontier 598.6 oracle 598.6 ratio 1.0 iters 100 term 1
020 fit 0 q50 B 1.0593 frontier 525.4 oracle 525.4 ratio 1.0 iters 100 term 1
020 fit 0 q75 B 1.1092 frontier 465.3 oracle 465.3 ratio 1.0 iters 100 term 1
020 fit 1 q25 B 0.9588 frontier 632.3 oracle 632.3 ratio 1.0 iters 100 term 1
020 fit 1 q50 B 1.0163 frontier 532.0 oracle 531.2 ratio 1.0016 iters 100 term 1
020 fit 1 q75 B 1.0852 frontier 464.1 oracle 464.1 ratio 1.0 iters 100 term 1
020 fit 2 q25 B 0.8907 frontier 684.0 oracle 684.0 ratio 1.0 iters 100 term 1
020 fit 2 q50 B 0.9663 frontier 553.0 oracle 543.7 ratio 1.0171 iters 100 term 1
020 fit 2 q75 B 1.0569 frontier 472.5 oracle 472.0 ratio 1.001 iters 100 term 1
020 fit 3 q25 B 0.7908 frontier 861.9 oracle 811.7 ratio 1.0618 iters 100 term 1
020 fit 3 q50 B 0.8818 frontier 614.0 oracle 614.0 ratio 1.0 iters 100 term 1
020 fit 3 q75 B 0.9983 frontier 509.0 oracle 509.0 ratio 1.0 iters 100 term 1
020 fit 4 q25 B 0.6965 frontier 1248.4 oracle 1184.1 ratio 1.0543 iters 100 term 1
020 fit 4 q50 B 0.7297 frontier 803.3 oracle 803.3 ratio 1.0 iters 100 term 1
020 fit 4 q75 B 0.9033 frontier 553.0 oracle 548.3 ratio 1.0085 iters 100 term 1
020 fit 5 q25 B 0.6083 frontier 1105.9 oracle 970.4 ratio 1.1396 iters 80 term 1
020 fit 5 q50 B 0.7280 frontier 651.0 oracle 651.0 ratio 1.0 iters 100 term 1
020 fit 5 q75 B 0.9007 frontier 560.0 oracle 554.8 ratio 1.0094 iters 100 term 1
020 fit 6 q25 B 0.5561 frontier 756.0 oracle 756.0 ratio 1.0 iters 100 term 1
020 fit 6 q50 B 0.7147 frontier 665.0 oracle 665.0 ratio 1.0 iters 100 term 1
020 fit 6 q75 B 0.8860 frontier 588.0 oracle 583.7 ratio 1.0073 iters 100 term 1
036 fit 0 q25 B 1.1252 frontier 966.9 oracle 966.9 ratio 1.0 iters 100 term 1
036 fit 0 q50 B 1.1361 frontier 946.3 oracle 946.3 ratio 1.0 iters 100 term 1
036 fit 0 q75 B 1.1587 frontier 918.9 oracle 918.9 ratio 1.0 iters 100 term 1
036 fit 1 q25 B 1.0588 frontier 989.2 oracle 989.2 ratio 1.0 iters 100 term 1
036 fit 1 q50 B 1.0804 frontier 959.2 oracle 959.2 ratio 1.0 iters 100 term 1
036 fit 1 q75 B 1.1132 frontier 928.1 oracle 928.1 ratio 1.0 iters 100 term 1
036 fit 2 q25 B 0.9909 frontier 1007.3 oracle 1007.3 ratio 1.0 iters 100 term 1
036 fit 2 q50 B 1.0304 frontier 960.4 oracle 960.4 ratio 1.0 iters 100 term 1
036 fit 2 q75 B 1.0828 frontier 924.2 oracle 924.2 ratio 1.0 iters 100 term 1
036 fit 3 q25 B 0.9096 frontier 1029.5 oracle 1029.5 ratio 1.0 iters 100 term 1
036 fit 3 q50 B 0.9695 frontier 965.0 oracle 965.0 ratio 1.0 iters 100 term 1
036 fit 3 q75 B 1.0484 frontier 920.1 oracle 920.1 ratio 1.0 iters 100 term 1
036 fit 4 q25 B 0.7884 frontier 1512.0 oracle 1512.0 ratio 1.0 iters 100 term 1
036 fit 4 q50 B 0.7889 frontier 1335.5 oracle 1273.2 ratio 1.049 iters 100 term 1
036 fit 4 q75 B 0.8680 frontier 999.0 oracle 999.0 ratio 1.0 iters 100 term 1
042 fit 0 q25 B 0.6147 frontier 1138.7 oracle 978.1 ratio 1.1642 iters 100 term 1
042 fit 0 q50 B 0.7007 frontier 707.0 oracle 707.0 ratio 1.0 iters 100 term 1
042 fit 0 q75 B 0.8719 frontier 623.0 oracle 623.0 ratio 1.0 iters 12 term 1
042 fit 1 q25 B 0.5539 frontier 822.6 oracle 822.6 ratio 1.0 iters 100 term 1
042 fit 1 q50 B 0.7092 frontier 700.0 oracle 698.0 ratio 1.0029 iters 100 term 1
042 fit 1 q75 B 0.8841 frontier 626.0 oracle 626.0 ratio 1.0 iters 19 term 1
042 fit 2 q25 B 0.5620 frontier 777.0 oracle 777.0 ratio 1.0 iters 100 term 1
042 fit 2 q50 B 0.7192 frontier 707.0 oracle 706.3 ratio 1.001 iters 100 term 1
042 fit 2 q75 B 0.8870 frontier 642.0 oracle 642.0 ratio 1.0 iters 100 term 1
